Device: NVIDIA TITAN V

--- Simple Test (1 batch, 1 head, small seq) ---
Max Diff: nan
Mean Diff: nan
Triton has NaN: True
Ref has NaN: False
❌ Simple test failed!

Triton[0,0,:5,:5]:
tensor([[-0.7622, -0.2571, -2.7764,  0.9056, -0.1564],
        [ 0.3989,  1.4806,  0.9102,  0.5190,  1.4570],
        [-0.1604, -0.0556,  0.6580, -0.3663,  0.9356],
        [-1.1134, -0.8386, -3.6615,  0.8176,  0.1257],
        [-0.5619, -0.5893,  1.2931,  0.0104, -0.3576]], device='cuda:0')

Ref[0,0,:5,:5]:
tensor([[-0.7622, -0.2571, -2.7764,  0.9056, -0.1564],
        [ 0.3989,  1.4806,  0.9102,  0.5190,  1.4570],
        [-0.1604, -0.0556,  0.6580, -0.3663,  0.9356],
        [-1.1134, -0.8386, -3.6615,  0.8176,  0.1257],
        [-0.5619, -0.5893,  1.2931,  0.0104, -0.3576]], device='cuda:0')

--- Full Correctness Check ---
Max Diff: nan
Mean Diff: nan
❌ Mismatch!
5.79user 0.89system 0:07.44elapsed 89%CPU (0avgtext+0avgdata 1075920maxresident)k
5688inputs+5632outputs (11major+202344minor)pagefaults 0swaps
