Device: NVIDIA TITAN V
-------------------------------------------------------  ------------  ------------  ------------  ------------  ------------  ------------  ------------  ------------  ------------  ------------  ------------  ------------  ------------  ------------  
                                                   Name    Self CPU %      Self CPU   CPU total %     CPU total  CPU time avg     Self CUDA   Self CUDA %    CUDA total  CUDA time avg       CPU Mem  Self CPU Mem      CUDA Mem  Self CUDA Mem    # of Calls  
-------------------------------------------------------  ------------  ------------  ------------  ------------  ------------  ------------  ------------  ------------  ------------  ------------  ------------  ------------  ------------  ------------  
                                      swa_naive_forward         0.00%       0.000us         0.00%       0.000us       0.000us     430.018ms       100.30%     430.018ms       4.300ms           0 b           0 b           0 b           0 b           100  
                                      swa_naive_forward         2.59%      11.143ms        14.98%      64.493ms     644.933us       0.000us         0.00%     428.736ms       4.287ms           0 b           0 b       4.00 Mb     -75.68 Gb           100  
                                      aten::masked_fill         0.19%     806.821us         1.72%       7.396ms      73.956us       0.000us         0.00%     187.293ms       1.873ms           0 b           0 b      25.00 Gb           0 b           100  
                                           aten::matmul         0.59%       2.533ms         3.73%      16.053ms      80.263us       0.000us         0.00%     136.085ms     680.423us           0 b           0 b      25.39 Gb           0 b           200  
                                              aten::bmm         0.98%       4.219ms         2.34%      10.083ms      50.413us     136.085ms        31.74%     136.085ms     680.423us           0 b           0 b      25.39 Gb      25.39 Gb           200  
                                          aten::softmax         0.04%     175.492us         1.38%       5.962ms      59.621us       0.000us         0.00%     102.237ms       1.022ms           0 b           0 b      25.00 Gb           0 b           100  
                                         aten::_softmax         0.24%       1.014ms         1.34%       5.787ms      57.866us     102.237ms        23.85%     102.237ms       1.022ms           0 b           0 b      25.00 Gb      25.00 Gb           100  
void (anonymous namespace)::softmax_warp_forward<c10...         0.00%       0.000us         0.00%       0.000us       0.000us     102.237ms        23.85%     102.237ms       1.022ms           0 b           0 b           0 b           0 b           100  
                                     aten::masked_fill_         0.25%       1.073ms         0.44%       1.906ms      19.062us      97.927ms        22.84%      97.927ms     979.273us           0 b           0 b           0 b           0 b           100  
void at::native::elementwise_kernel<128, 4, at::nati...         0.00%       0.000us         0.00%       0.000us       0.000us      97.927ms        22.84%      97.927ms     979.273us           0 b           0 b           0 b           0 b           100  
                                            aten::clone         0.08%     330.918us         0.97%       4.180ms      41.800us       0.000us         0.00%      89.366ms     893.657us           0 b           0 b      25.00 Gb           0 b           100  
                                            aten::copy_         0.14%     600.640us         0.69%       2.955ms      29.547us      89.366ms        20.84%      89.366ms     893.657us           0 b           0 b           0 b           0 b           100  
                         Memcpy DtoD (Device -> Device)         0.00%       0.000us         0.00%       0.000us       0.000us      89.366ms        20.84%      89.366ms     893.657us           0 b           0 b           0 b           0 b           100  
            volta_fp16_s884gemm_fp16_64x128_ldg8_f2f_nn         0.00%       0.000us         0.00%       0.000us       0.000us      89.364ms        20.84%      89.364ms     893.639us           0 b           0 b           0 b           0 b           100  
            volta_fp16_s884gemm_fp16_64x128_ldg8_f2f_tn         0.00%       0.000us         0.00%       0.000us       0.000us      46.721ms        10.90%      46.721ms     467.206us           0 b           0 b           0 b           0 b           100  
void at::native::elementwise_kernel<128, 4, at::nati...         0.00%       0.000us         0.00%       0.000us       0.000us       1.691ms         0.39%       1.691ms       8.457us           0 b           0 b           0 b           0 b           200  
                                               aten::lt         0.25%       1.071ms         0.37%       1.593ms      15.925us     887.640us         0.21%     887.640us       8.876us           0 b           0 b     100.00 Mb     100.00 Mb           100  
                                               aten::gt         0.21%     924.774us         0.33%       1.403ms      14.034us     803.740us         0.19%     803.740us       8.037us           0 b           0 b     100.00 Mb     100.00 Mb           100  
                                           aten::__or__         0.03%     145.712us         0.45%       1.929ms      19.288us       0.000us         0.00%     728.253us       7.283us           0 b           0 b     100.00 Mb           0 b           100  
                                       aten::bitwise_or         0.29%       1.244ms         0.41%       1.783ms      17.831us     728.253us         0.17%     728.253us       7.283us           0 b           0 b     100.00 Mb     100.00 Mb           100  
-------------------------------------------------------  ------------  ------------  ------------  ------------  ------------  ------------  ------------  ------------  ------------  ------------  ------------  ------------  ------------  ------------  
Self CPU time total: 430.642ms
Self CUDA time total: 428.736ms

--------------------------------------------------
Iterations: 100
Average GPU time per run: 4.2874 ms
Average CPU time per run: 0.6449 ms
Throughput: 233.24 runs/sec
--------------------------------------------------
Peak CUDA memory: 0.78 GB

Top 5 CUDA kernels:
  aten::masked_fill                                            1.8729 ms
  aten::softmax                                                1.0224 ms
  aten::_softmax                                               1.0224 ms
  void (anonymous namespace)::softmax_warp_forward<c10::Half,  1.0224 ms
  aten::masked_fill_                                           0.9793 ms
3.20user 0.70system 0:04.80elapsed 81%CPU (0avgtext+0avgdata 821064maxresident)k
0inputs+14048outputs (0major+151052minor)pagefaults 0swaps
