Device: NVIDIA TITAN V
-------------------------------------------------------  ------------  ------------  ------------  ------------  ------------  ------------  ------------  ------------  ------------  ------------  ------------  ------------  ------------  ------------  
                                                   Name    Self CPU %      Self CPU   CPU total %     CPU total  CPU time avg     Self CUDA   Self CUDA %    CUDA total  CUDA time avg       CPU Mem  Self CPU Mem      CUDA Mem  Self CUDA Mem    # of Calls  
-------------------------------------------------------  ------------  ------------  ------------  ------------  ------------  ------------  ------------  ------------  ------------  ------------  ------------  ------------  ------------  ------------  
                                      swa_naive_forward         0.00%       0.000us         0.00%       0.000us       0.000us     834.281ms       100.15%     834.281ms       8.343ms           0 b           0 b           0 b           0 b           100  
                                      swa_naive_forward         1.35%      11.274ms        21.25%     177.441ms       1.774ms       0.000us         0.00%     833.019ms       8.330ms           0 b           0 b       8.00 Mb    -151.07 Gb           100  
                                      aten::masked_fill         0.09%     781.366us         0.76%       6.342ms      63.423us       0.000us         0.00%     371.173ms       3.712ms           0 b           0 b      50.00 Gb           0 b           100  
                                           aten::matmul         0.31%       2.560ms         5.22%      43.613ms     218.063us       0.000us         0.00%     263.910ms       1.320ms           0 b           0 b      50.78 Gb           0 b           200  
                                              aten::bmm         0.51%       4.224ms         4.51%      37.643ms     188.213us     263.910ms        31.68%     263.910ms       1.320ms           0 b           0 b      50.78 Gb      50.78 Gb           200  
                                          aten::softmax         0.02%     183.631us         0.20%       1.707ms      17.068us       0.000us         0.00%     194.922ms       1.949ms           0 b           0 b      50.00 Gb           0 b           100  
                                         aten::_softmax         0.12%       1.014ms         0.18%       1.523ms      15.232us     194.922ms        23.40%     194.922ms       1.949ms           0 b           0 b      50.00 Gb      50.00 Gb           100  
void (anonymous namespace)::softmax_warp_forward<c10...         0.00%       0.000us         0.00%       0.000us       0.000us     194.922ms        23.40%     194.922ms       1.949ms           0 b           0 b           0 b           0 b           100  
                                     aten::masked_fill_         0.12%       1.005ms         0.22%       1.825ms      18.250us     192.241ms        23.08%     192.241ms       1.922ms           0 b           0 b           0 b           0 b           100  
void at::native::elementwise_kernel<128, 4, at::nati...         0.00%       0.000us         0.00%       0.000us       0.000us     192.241ms        23.08%     192.241ms       1.922ms           0 b           0 b           0 b           0 b           100  
                                            aten::clone         0.04%     332.075us         0.38%       3.208ms      32.081us       0.000us         0.00%     178.931ms       1.789ms           0 b           0 b      50.00 Gb           0 b           100  
                                            aten::copy_         0.07%     598.460us         0.24%       1.999ms      19.988us     178.931ms        21.48%     178.931ms       1.789ms           0 b           0 b           0 b           0 b           100  
                         Memcpy DtoD (Device -> Device)         0.00%       0.000us         0.00%       0.000us       0.000us     178.931ms        21.48%     178.931ms       1.789ms           0 b           0 b           0 b           0 b           100  
            volta_fp16_s884gemm_fp16_64x128_ldg8_f2f_nn         0.00%       0.000us         0.00%       0.000us       0.000us     170.785ms        20.50%     170.785ms       1.708ms           0 b           0 b           0 b           0 b           100  
            volta_fp16_s884gemm_fp16_64x128_ldg8_f2f_tn         0.00%       0.000us         0.00%       0.000us       0.000us      93.125ms        11.18%      93.125ms     931.248us           0 b           0 b           0 b           0 b           100  
void at::native::elementwise_kernel<128, 4, at::nati...         0.00%       0.000us         0.00%       0.000us       0.000us       1.614ms         0.19%       1.614ms       8.068us           0 b           0 b           0 b           0 b           200  
                                               aten::lt         0.13%       1.084ms         3.53%      29.452ms     294.520us     849.108us         0.10%     849.108us       8.491us           0 b           0 b     100.00 Mb     100.00 Mb           100  
                                               aten::gt         0.11%     939.764us         3.79%      31.651ms     316.505us     764.507us         0.09%     764.507us       7.645us           0 b           0 b     100.00 Mb     100.00 Mb           100  
                                           aten::__or__         0.02%     139.995us         3.70%      30.877ms     308.773us       0.000us         0.00%     726.842us       7.268us           0 b           0 b     100.00 Mb           0 b           100  
                                       aten::bitwise_or         0.15%       1.233ms         3.68%      30.737ms     307.373us     726.842us         0.09%     726.842us       7.268us           0 b           0 b     100.00 Mb     100.00 Mb           100  
-------------------------------------------------------  ------------  ------------  ------------  ------------  ------------  ------------  ------------  ------------  ------------  ------------  ------------  ------------  ------------  ------------  
Self CPU time total: 834.935ms
Self CUDA time total: 833.019ms

--------------------------------------------------
Iterations: 100
Average GPU time per run: 8.3302 ms
Average CPU time per run: 1.7744 ms
Throughput: 120.05 runs/sec
--------------------------------------------------
Peak CUDA memory: 1.55 GB

Top 5 CUDA kernels:
  aten::masked_fill                                            3.7117 ms
  aten::softmax                                                1.9492 ms
  aten::_softmax                                               1.9492 ms
  void (anonymous namespace)::softmax_warp_forward<c10::Half,  1.9492 ms
  aten::masked_fill_                                           1.9224 ms
3.53user 0.66system 0:04.71elapsed 88%CPU (0avgtext+0avgdata 821228maxresident)k
0inputs+12328outputs (0major+155454minor)pagefaults 0swaps
