Device: NVIDIA TITAN V
Compiling and warming up...
Warmup done.
-------------------------------------------------------  ------------  ------------  ------------  ------------  ------------  ------------  ------------  ------------  ------------  ------------  ------------  ------------  
                                                   Name    Self CPU %      Self CPU   CPU total %     CPU total  CPU time avg     Self CUDA   Self CUDA %    CUDA total  CUDA time avg       CPU Mem  Self CPU Mem    # of Calls  
-------------------------------------------------------  ------------  ------------  ------------  ------------  ------------  ------------  ------------  ------------  ------------  ------------  ------------  ------------  
                           swa_strided_compiled_forward         0.00%       0.000us         0.00%       0.000us       0.000us       14.687s       100.01%       14.687s     146.869ms           0 b           0 b           100  
                           swa_strided_compiled_forward         0.04%       5.180ms        21.01%        3.086s      30.861ms       0.000us         0.00%       14.686s     146.856ms           0 b           0 b           100  
                                  Torch-Compiled Region         0.06%       9.226ms        20.97%        3.080s      30.801ms       14.544s        99.04%       14.686s     146.856ms           0 b           0 b           100  
                                                triton_         0.00%       0.000us         0.00%       0.000us       0.000us       14.544s        99.04%       14.544s      29.088ms           0 b           0 b           500  
                                   aten::_foreach_copy_         0.03%       4.342ms        20.83%        3.059s      30.593ms     141.328ms         0.96%     141.328ms       1.413ms           0 b           0 b           100  
void at::native::(anonymous namespace)::multi_tensor...         0.00%       0.000us         0.00%       0.000us       0.000us     141.328ms         0.96%     141.328ms     141.328us           0 b           0 b          1000  
                                            aten::fill_         0.01%       1.171ms         0.05%       7.306ms      36.528us     348.482us         0.00%     348.482us       1.742us           0 b           0 b           200  
void at::native::vectorized_elementwise_kernel<4, at...         0.00%       0.000us         0.00%       0.000us       0.000us     348.482us         0.00%     348.482us       1.742us           0 b           0 b           200  
                               TorchDynamo Cache Lookup         0.01%     829.753us         0.01%     829.753us       8.298us       0.000us         0.00%       0.000us       0.000us           0 b           0 b           100  
                                       cudaLaunchKernel        20.84%        3.061s        20.84%        3.061s       2.551ms       0.000us         0.00%       0.000us       0.000us           0 b           0 b          1200  
                                  cudaStreamIsCapturing         0.00%     136.181us         0.00%     136.181us       0.681us       0.000us         0.00%       0.000us       0.000us           0 b           0 b           200  
                                        cudaGraphLaunch         0.03%       4.087ms         0.03%       4.087ms      40.867us       0.000us         0.00%       0.000us       0.000us           0 b           0 b           100  
                                   cudaDriverGetVersion         0.00%      17.597us         0.00%      17.597us       0.176us       0.000us         0.00%       0.000us       0.000us           0 b           0 b           100  
                                  cudaDeviceSynchronize        78.99%       11.602s        78.99%       11.602s        5.801s       0.000us         0.00%       0.000us       0.000us           0 b           0 b             2  
-------------------------------------------------------  ------------  ------------  ------------  ------------  ------------  ------------  ------------  ------------  ------------  ------------  ------------  ------------  
Self CPU time total: 14.688s
Self CUDA time total: 14.686s

--------------------------------------------------
Iterations: 100
Average GPU time per run: 146.8563 ms
Average CPU time per run: 30.8606 ms
Throughput: 6.81 runs/sec
--------------------------------------------------
Peak CUDA memory: 4.90 GB

Top 5 CUDA kernels:
  Torch-Compiled Region                                        146.8563 ms
  triton_                                                      29.0879 ms
  aten::_foreach_copy_                                         1.4133 ms
  void at::native::(anonymous namespace)::multi_tensor_apply_k 0.1413 ms
  aten::fill_                                                  0.0017 ms
27.76user 2.42system 0:32.58elapsed 92%CPU (0avgtext+0avgdata 886180maxresident)k
0inputs+8128outputs (0major+277937minor)pagefaults 0swaps
