Current Triton version 3.1.0 is below the recommended 3.2.0 version. Errors may occur and these issues will not be fixed. Please consider upgrading Triton.
[W1205 16:19:12.261085655 CPUAllocator.cpp:245] Memory block of unknown size was allocated before the profiling started, profiler results will not include the deallocation event
Device: NVIDIA L4
-------------------------------------------------------  ------------  ------------  ------------  ------------  ------------  ------------  ------------  ------------  ------------  ------------  ------------  ------------  ------------  ------------  
                                                   Name    Self CPU %      Self CPU   CPU total %     CPU total  CPU time avg     Self CUDA   Self CUDA %    CUDA total  CUDA time avg       CPU Mem  Self CPU Mem      CUDA Mem  Self CUDA Mem    # of Calls  
-------------------------------------------------------  ------------  ------------  ------------  ------------  ------------  ------------  ------------  ------------  ------------  ------------  ------------  ------------  ------------  ------------  
                                            gla_forward         0.00%       0.000us         0.00%       0.000us       0.000us     509.540ms       100.26%     509.540ms       5.095ms           0 B           0 B           0 B           0 B           100  
                                            gla_forward         8.45%      43.093ms        34.85%     177.683ms       1.777ms       0.000us         0.00%     508.435ms       5.084ms           8 B           8 B     293.00 MB     -29.89 GB           100  
                                 FusedRecurrentFunction         4.16%      21.196ms         6.47%      32.980ms     329.803us     206.654ms        40.66%     299.203ms       2.992ms           0 B           0 B       9.38 GB      -6.25 GB           100  
                             fused_recurrent_fwd_kernel         0.00%       0.000us         0.00%       0.000us       0.000us     206.654ms        40.66%     206.654ms       2.067ms           0 B           0 B           0 B           0 B           100  
                                           aten::linear         0.82%       4.190ms        12.38%      63.112ms      90.160us       0.000us         0.00%     157.618ms     225.169us           0 B           0 B      14.16 GB           0 B           700  
                                           aten::matmul         1.16%       5.928ms         8.74%      44.539ms      74.231us       0.000us         0.00%     153.665ms     256.108us           0 B           0 B      12.60 GB           0 B           600  
                                               aten::mm         4.50%      22.942ms         6.33%      32.285ms      53.808us     153.438ms        30.19%     153.665ms     256.108us           0 B           0 B      12.60 GB      12.60 GB           600  
         ampere_fp16_s1688gemm_fp16_128x128_ldg8_f2f_tn         0.00%       0.000us         0.00%       0.000us       0.000us     140.434ms        27.63%     140.434ms     280.868us           0 B           0 B           0 B           0 B           500  
                                              aten::sum         0.65%       3.322ms         0.97%       4.969ms      49.686us      49.463ms         9.73%      49.463ms     494.626us           0 B           0 B       6.25 GB       6.25 GB           100  
void at::native::reduce_kernel<128, 4, at::native::R...         0.00%       0.000us         0.00%       0.000us       0.000us      49.463ms         9.73%      49.463ms     494.626us           0 B           0 B           0 B           0 B           100  
                                               aten::to         0.06%     322.337us         0.78%       3.968ms      39.676us       0.000us         0.00%      43.086ms     430.862us           0 B           0 B       3.12 GB           0 B           100  
                                         aten::_to_copy         0.17%     869.287us         0.71%       3.645ms      36.453us       0.000us         0.00%      43.086ms     430.862us           0 B           0 B       3.12 GB           0 B           100  
                                            aten::copy_         0.22%       1.147ms         0.39%       2.013ms      20.129us      43.086ms         8.48%      43.086ms     430.862us           0 B           0 B           0 B           0 B           100  
void at::native::vectorized_elementwise_kernel<4, at...         0.00%       0.000us         0.00%       0.000us       0.000us      43.086ms         8.48%      43.086ms     430.862us           0 B           0 B           0 B           0 B           100  
                                 LayerNormGatedFunction         3.76%      19.157ms         4.93%      25.120ms     251.202us      42.571ms         8.38%      42.571ms     425.715us           0 B           0 B       3.52 GB           0 B           100  
                            layer_norm_gated_fwd_kernel         0.00%       0.000us         0.00%       0.000us       0.000us      42.571ms         8.38%      42.571ms     425.715us           0 B           0 B           0 B           0 B           100  
void cutlass::Kernel2<cutlass_80_wmma_tensorop_f16_s...         0.00%       0.000us         0.00%       0.000us       0.000us      13.004ms         2.56%      13.004ms     130.039us           0 B           0 B           0 B           0 B           100  
                                              aten::div         0.45%       2.289ms         0.62%       3.186ms      31.861us       4.853ms         0.95%       4.853ms      48.526us           0 B           0 B       1.56 GB       1.56 GB           100  
void at::native::vectorized_elementwise_kernel<4, at...         0.00%       0.000us         0.00%       0.000us       0.000us       4.853ms         0.95%       4.853ms      48.526us           0 B           0 B           0 B           0 B           100  
                                      aten::log_sigmoid         0.06%     297.643us         1.18%       6.010ms      60.104us       0.000us         0.00%       4.190ms      41.903us           0 B           0 B       1.56 GB           0 B           100  
-------------------------------------------------------  ------------  ------------  ------------  ------------  ------------  ------------  ------------  ------------  ------------  ------------  ------------  ------------  ------------  ------------  
Self CPU time total: 509.872ms
Self CUDA time total: 508.208ms

--------------------------------------------------
Iterations: 100
Average GPU time per run: 5.0844 ms
Average CPU time per run: 1.7768 ms
Throughput: 196.68 runs/sec
--------------------------------------------------
Peak CUDA memory: 0.61 GB

Top 5 CUDA kernels:
  FusedRecurrentFunction                                       2.9920 ms
  fused_recurrent_fwd_kernel                                   2.0665 ms
  aten::sum                                                    0.4946 ms
  void at::native::reduce_kernel<128, 4, at::native::ReduceOp< 0.4946 ms
  aten::to                                                     0.4309 ms
13.69user 1.24system 0:14.77elapsed 101%CPU (0avgtext+0avgdata 1354928maxresident)k
8inputs+13952outputs (0major+238341minor)pagefaults 0swaps
