Device: NVIDIA GeForce RTX 2080 Ti
Warming up...
Profiling (100 iterations)...
-------------------------------------------------------  ------------  ------------  ------------  ------------  ------------  ------------  ------------  ------------  ------------  ------------  ------------  ------------  ------------  ------------  
                                                   Name    Self CPU %      Self CPU   CPU total %     CPU total  CPU time avg     Self CUDA   Self CUDA %    CUDA total  CUDA time avg       CPU Mem  Self CPU Mem      CUDA Mem  Self CUDA Mem    # of Calls  
-------------------------------------------------------  ------------  ------------  ------------  ------------  ------------  ------------  ------------  ------------  ------------  ------------  ------------  ------------  ------------  ------------  
                                     local_attn_forward         0.00%       0.000us         0.00%       0.000us       0.000us     258.433ms       355.66%     258.433ms       2.584ms           0 b           0 b           0 b           0 b           100  
                                     local_attn_forward        28.55%      81.369ms        99.99%     284.990ms       2.850ms       0.000us         0.00%      72.663ms     726.631us           0 b           0 b     512.00 Kb      -9.20 Gb           100  
                                      aten::masked_fill         5.57%      15.868ms        11.61%      33.091ms     110.304us       0.000us         0.00%      38.420ms     128.066us           0 b           0 b       4.69 Gb           0 b           300  
                                            aten::copy_         2.13%       6.072ms         4.73%      13.480ms      14.978us      20.896ms        28.76%      20.896ms      23.218us           0 b           0 b           0 b           0 b           900  
                         Memcpy DtoD (Device -> Device)         0.00%       0.000us         0.00%       0.000us       0.000us      20.296ms        27.93%      20.296ms      25.371us           0 b           0 b           0 b           0 b           800  
                                            aten::clone         0.47%       1.325ms         3.99%      11.373ms      28.432us       0.000us         0.00%      19.593ms      48.983us           0 b           0 b       4.79 Gb           0 b           400  
                                     aten::masked_fill_         1.67%       4.771ms         2.60%       7.408ms      24.694us      19.451ms        26.77%      19.451ms      64.835us           0 b           0 b           0 b           0 b           300  
void at::native::elementwise_kernel<128, 2, at::nati...         0.00%       0.000us         0.00%       0.000us       0.000us      19.451ms        26.77%      19.451ms      64.835us           0 b           0 b           0 b           0 b           300  
                                           aten::einsum         2.23%       6.345ms         9.56%      27.242ms      90.806us       0.000us         0.00%      15.985ms      53.285us           0 b           0 b       1.61 Gb    -100.00 Mb           300  
                                              aten::bmm         1.67%       4.756ms         2.15%       6.141ms      30.706us      15.117ms        20.80%      15.117ms      75.584us           0 b           0 b       1.61 Gb       1.61 Gb           200  
                                   volta_sgemm_64x64_nn         0.00%       0.000us         0.00%       0.000us       0.000us      10.677ms        14.69%      10.677ms     106.771us           0 b           0 b           0 b           0 b           100  
                                          aten::softmax         0.07%     209.728us         0.65%       1.865ms      18.655us       0.000us         0.00%       6.956ms      69.561us           0 b           0 b       1.56 Gb           0 b           100  
                                         aten::_softmax         0.39%       1.109ms         0.58%       1.656ms      16.557us       6.956ms         9.57%       6.956ms      69.561us           0 b           0 b       1.56 Gb       1.56 Gb           100  
void (anonymous namespace)::softmax_warp_forward<flo...         0.00%       0.000us         0.00%       0.000us       0.000us       6.956ms         9.57%       6.956ms      69.561us           0 b           0 b           0 b           0 b           100  
                                   volta_sgemm_64x64_tn         0.00%       0.000us         0.00%       0.000us       0.000us       4.440ms         6.11%       4.440ms      44.396us           0 b           0 b           0 b           0 b           100  
                                              aten::mul         3.76%      10.724ms         5.65%      16.097ms      16.097us       3.237ms         4.46%       3.237ms       3.237us           0 b           0 b     651.56 Mb     651.56 Mb          1000  
void at::native::elementwise_kernel<128, 2, at::nati...         0.00%       0.000us         0.00%       0.000us       0.000us       3.023ms         4.16%       3.023ms       3.359us           0 b           0 b           0 b           0 b           900  
                                              aten::cat         4.16%      11.843ms        12.35%      35.206ms      58.676us       2.465ms         3.39%       2.465ms       4.108us           0 b           0 b     303.12 Mb     303.12 Mb           600  
                                              aten::pad         0.36%       1.025ms         7.26%      20.692ms      51.729us       0.000us         0.00%       1.591ms       3.977us           0 b           0 b     126.12 Mb           0 b           400  
                                  aten::constant_pad_nd         1.24%       3.545ms         6.90%      19.667ms      49.166us       0.000us         0.00%       1.591ms       3.977us           0 b           0 b     126.12 Mb           0 b           400  
-------------------------------------------------------  ------------  ------------  ------------  ------------  ------------  ------------  ------------  ------------  ------------  ------------  ------------  ------------  ------------  ------------  
Self CPU time total: 285.009ms
Self CUDA time total: 72.663ms

--------------------------------------------------
Iterations: 100
Average GPU time per run: 0.7266 ms
Average CPU time per run: 2.8499 ms
Throughput: 1376.22 runs/sec
--------------------------------------------------
Peak CUDA memory: 0.05 GB

Top 5 CUDA kernels:
  aten::masked_fill                                            0.1281 ms
  volta_sgemm_64x64_nn                                         0.1068 ms
  aten::bmm                                                    0.0756 ms
  aten::softmax                                                0.0696 ms
  aten::_softmax                                               0.0696 ms
8.24user 1.11system 0:11.19elapsed 83%CPU (0avgtext+0avgdata 1101696maxresident)k
928inputs+60280outputs (5major+257337minor)pagefaults 0swaps
