Device: NVIDIA TITAN V
Warming up...
Profiling (100 iterations)...
-------------------------------------------------------  ------------  ------------  ------------  ------------  ------------  ------------  ------------  ------------  ------------  ------------  ------------  ------------  ------------  ------------  
                                                   Name    Self CPU %      Self CPU   CPU total %     CPU total  CPU time avg     Self CUDA   Self CUDA %    CUDA total  CUDA time avg       CPU Mem  Self CPU Mem      CUDA Mem  Self CUDA Mem    # of Calls  
-------------------------------------------------------  ------------  ------------  ------------  ------------  ------------  ------------  ------------  ------------  ------------  ------------  ------------  ------------  ------------  ------------  
                                     local_attn_forward         0.00%       0.000us         0.00%       0.000us       0.000us        3.535s       100.14%        3.535s      35.347ms           0 b           0 b           0 b           0 b           100  
                                     local_attn_forward         2.08%      73.448ms        81.00%        2.863s      28.634ms       0.000us         0.00%        3.530s      35.298ms           0 b           0 b      16.00 Mb    -542.50 Gb           100  
                                      aten::masked_fill         0.07%       2.568ms        22.17%     783.603ms       2.612ms       0.000us         0.00%        2.181s       7.271ms           0 b           0 b     300.00 Gb           0 b           300  
                                     aten::masked_fill_         0.10%       3.676ms         0.25%       8.890ms      29.633us        1.109s        31.43%        1.109s       3.698ms           0 b           0 b           0 b           0 b           300  
void at::native::elementwise_kernel<128, 2, at::nati...         0.00%       0.000us         0.00%       0.000us       0.000us        1.109s        31.43%        1.109s       3.698ms           0 b           0 b           0 b           0 b           300  
                                            aten::copy_         0.22%       7.606ms        37.58%        1.328s       1.328ms        1.095s        31.03%        1.095s       1.095ms           0 b           0 b           0 b           0 b          1000  
                         Memcpy DtoD (Device -> Device)         0.00%       0.000us         0.00%       0.000us       0.000us        1.089s        30.86%        1.089s       1.556ms           0 b           0 b           0 b           0 b           700  
                                            aten::clone         0.05%       1.607ms        29.71%        1.050s       2.100ms       0.000us         0.00%        1.082s       2.164ms           0 b           0 b     303.17 Gb           0 b           500  
                                           aten::einsum         0.18%       6.335ms         9.20%     325.059ms       1.084ms       0.000us         0.00%     809.674ms       2.699ms           0 b           0 b     101.57 Gb      -3.12 Gb           300  
                                              aten::bmm         0.14%       4.933ms         8.61%     304.195ms       1.521ms     799.813ms        22.66%     799.813ms       3.999ms           0 b           0 b     101.56 Gb     101.56 Gb           200  
                                  volta_sgemm_32x128_nn         0.00%       0.000us         0.00%       0.000us       0.000us     597.056ms        16.91%     597.056ms       5.971ms           0 b           0 b           0 b           0 b           100  
                                          aten::softmax         0.01%     274.281us         0.12%       4.246ms      42.461us       0.000us         0.00%     361.615ms       3.616ms           0 b           0 b     100.00 Gb           0 b           100  
                                         aten::_softmax         0.03%       1.121ms         0.11%       3.972ms      39.718us     361.615ms        10.24%     361.615ms       3.616ms           0 b           0 b     100.00 Gb     100.00 Gb           100  
void (anonymous namespace)::softmax_warp_forward<flo...         0.00%       0.000us         0.00%       0.000us       0.000us     361.615ms        10.24%     361.615ms       3.616ms           0 b           0 b           0 b           0 b           100  
                                  volta_sgemm_32x128_tn         0.00%       0.000us         0.00%       0.000us       0.000us     202.757ms         5.74%     202.757ms       2.028ms           0 b           0 b           0 b           0 b           100  
                                              aten::mul         0.35%      12.240ms         0.58%      20.474ms      20.474us      73.039ms         2.07%      73.039ms      73.039us           0 b           0 b      20.32 Gb      20.32 Gb          1000  
void at::native::elementwise_kernel<128, 2, at::nati...         0.00%       0.000us         0.00%       0.000us       0.000us      67.270ms         1.91%      67.270ms      74.744us           0 b           0 b           0 b           0 b           900  
                                              aten::cat         0.34%      11.963ms         0.84%      29.863ms      49.771us      43.017ms         1.22%      43.017ms      71.695us           0 b           0 b       9.38 Gb       9.38 Gb           600  
void at::native::(anonymous namespace)::CatArrayBatc...         0.00%       0.000us         0.00%       0.000us       0.000us      25.740ms         0.73%      25.740ms     128.700us           0 b           0 b           0 b           0 b           200  
                                              aten::add         0.05%       1.914ms         4.41%     155.856ms     779.281us      24.957ms         0.71%      24.957ms     124.787us           0 b           0 b       4.69 Gb       4.69 Gb           200  
-------------------------------------------------------  ------------  ------------  ------------  ------------  ------------  ------------  ------------  ------------  ------------  ------------  ------------  ------------  ------------  ------------  
Self CPU time total: 3.535s
Self CUDA time total: 3.530s

--------------------------------------------------
Iterations: 100
Average GPU time per run: 35.2983 ms
Average CPU time per run: 28.6336 ms
Throughput: 28.33 runs/sec
--------------------------------------------------
Peak CUDA memory: 2.23 GB

Top 5 CUDA kernels:
  aten::masked_fill                                            7.2714 ms
  volta_sgemm_32x128_nn                                        5.9706 ms
  aten::bmm                                                    3.9991 ms
  aten::masked_fill_                                           3.6977 ms
  void at::native::elementwise_kernel<128, 2, at::native::gpu_ 3.6977 ms
10.96user 2.04system 0:14.32elapsed 90%CPU (0avgtext+0avgdata 1142412maxresident)k
0inputs+48424outputs (0major+273971minor)pagefaults 0swaps
