Device: NVIDIA TITAN V
-------------------------------------------------------  ------------  ------------  ------------  ------------  ------------  ------------  ------------  ------------  ------------  ------------  ------------  ------------  ------------  ------------  
                                                   Name    Self CPU %      Self CPU   CPU total %     CPU total  CPU time avg     Self CUDA   Self CUDA %    CUDA total  CUDA time avg       CPU Mem  Self CPU Mem      CUDA Mem  Self CUDA Mem    # of Calls  
-------------------------------------------------------  ------------  ------------  ------------  ------------  ------------  ------------  ------------  ------------  ------------  ------------  ------------  ------------  ------------  ------------  
                                      swa_naive_forward         0.00%       0.000us         0.00%       0.000us       0.000us        1.695s       100.08%        1.695s      16.947ms           0 b           0 b           0 b           0 b           100  
                                      swa_naive_forward         0.67%      11.442ms        21.03%     356.610ms       3.566ms       0.000us         0.00%        1.693s      16.933ms           0 b           0 b      16.00 Mb    -301.84 Gb           100  
                                      aten::masked_fill         0.05%     803.725us         0.38%       6.522ms      65.220us       0.000us         0.00%     753.308ms       7.533ms           0 b           0 b     100.00 Gb           0 b           100  
                                           aten::matmul         0.16%       2.660ms         5.14%      87.223ms     436.116us       0.000us         0.00%     532.981ms       2.665ms           0 b           0 b     101.56 Gb           0 b           200  
                                              aten::bmm         0.26%       4.352ms         4.78%      81.041ms     405.207us     532.981ms        31.48%     532.981ms       2.665ms           0 b           0 b     101.56 Gb     101.56 Gb           200  
                                          aten::softmax         0.01%     197.981us         0.10%       1.772ms      17.718us       0.000us         0.00%     404.032ms       4.040ms           0 b           0 b     100.00 Gb           0 b           100  
                                         aten::_softmax         0.06%       1.063ms         0.09%       1.574ms      15.738us     404.032ms        23.86%     404.032ms       4.040ms           0 b           0 b     100.00 Gb     100.00 Gb           100  
void (anonymous namespace)::softmax_warp_forward<c10...         0.00%       0.000us         0.00%       0.000us       0.000us     404.032ms        23.86%     404.032ms       4.040ms           0 b           0 b           0 b           0 b           100  
                                     aten::masked_fill_         0.06%       1.054ms         0.11%       1.867ms      18.669us     395.937ms        23.38%     395.937ms       3.959ms           0 b           0 b           0 b           0 b           100  
void at::native::elementwise_kernel<128, 4, at::nati...         0.00%       0.000us         0.00%       0.000us       0.000us     395.937ms        23.38%     395.937ms       3.959ms           0 b           0 b           0 b           0 b           100  
                                            aten::clone         0.02%     351.693us         0.20%       3.307ms      33.075us       0.000us         0.00%     357.371ms       3.574ms           0 b           0 b     100.00 Gb           0 b           100  
                                            aten::copy_         0.04%     628.611us         0.12%       2.036ms      20.359us     357.371ms        21.10%     357.371ms       3.574ms           0 b           0 b           0 b           0 b           100  
                         Memcpy DtoD (Device -> Device)         0.00%       0.000us         0.00%       0.000us       0.000us     357.371ms        21.10%     357.371ms       3.574ms           0 b           0 b           0 b           0 b           100  
            volta_fp16_s884gemm_fp16_64x128_ldg8_f2f_nn         0.00%       0.000us         0.00%       0.000us       0.000us     347.824ms        20.54%     347.824ms       3.478ms           0 b           0 b           0 b           0 b           100  
            volta_fp16_s884gemm_fp16_64x128_ldg8_f2f_tn         0.00%       0.000us         0.00%       0.000us       0.000us     185.156ms        10.93%     185.156ms       1.852ms           0 b           0 b           0 b           0 b           100  
void at::native::elementwise_kernel<128, 4, at::nati...         0.00%       0.000us         0.00%       0.000us       0.000us       1.611ms         0.10%       1.611ms       8.056us           0 b           0 b           0 b           0 b           200  
                                               aten::lt         0.06%       1.100ms         3.84%      65.049ms     650.493us     848.320us         0.05%     848.320us       8.483us           0 b           0 b     100.00 Mb     100.00 Mb           100  
                                               aten::gt         0.06%     967.463us         4.47%      75.709ms     757.088us     762.840us         0.05%     762.840us       7.628us           0 b           0 b     100.00 Mb     100.00 Mb           100  
                                           aten::__or__         0.01%     155.816us         4.05%      68.587ms     685.867us       0.000us         0.00%     727.672us       7.277us           0 b           0 b     100.00 Mb           0 b           100  
                                       aten::bitwise_or         0.08%       1.279ms         4.04%      68.431ms     684.309us     727.672us         0.04%     727.672us       7.277us           0 b           0 b     100.00 Mb     100.00 Mb           100  
-------------------------------------------------------  ------------  ------------  ------------  ------------  ------------  ------------  ------------  ------------  ------------  ------------  ------------  ------------  ------------  ------------  
Self CPU time total: 1.695s
Self CUDA time total: 1.693s

--------------------------------------------------
Iterations: 100
Average GPU time per run: 16.9334 ms
Average CPU time per run: 3.5661 ms
Throughput: 59.05 runs/sec
--------------------------------------------------
Peak CUDA memory: 3.09 GB

Top 5 CUDA kernels:
  aten::masked_fill                                            7.5331 ms
  aten::softmax                                                4.0403 ms
  aten::_softmax                                               4.0403 ms
  void (anonymous namespace)::softmax_warp_forward<c10::Half,  4.0403 ms
  aten::masked_fill_                                           3.9594 ms
4.43user 0.82system 0:06.00elapsed 87%CPU (0avgtext+0avgdata 820988maxresident)k
0inputs+12512outputs (0major+152326minor)pagefaults 0swaps
