Device: NVIDIA TITAN V
-------------------------------------------------------  ------------  ------------  ------------  ------------  ------------  ------------  ------------  ------------  ------------  ------------  ------------  ------------  ------------  ------------  
                                                   Name    Self CPU %      Self CPU   CPU total %     CPU total  CPU time avg     Self CUDA   Self CUDA %    CUDA total  CUDA time avg       CPU Mem  Self CPU Mem      CUDA Mem  Self CUDA Mem    # of Calls  
-------------------------------------------------------  ------------  ------------  ------------  ------------  ------------  ------------  ------------  ------------  ------------  ------------  ------------  ------------  ------------  ------------  
                                    swa_strided_forward         0.00%       0.000us         0.00%       0.000us       0.000us        1.575s       100.13%        1.575s      15.752ms           0 b           0 b           0 b           0 b           100  
                                    swa_strided_forward         1.30%      20.463ms        48.80%     768.903ms       7.689ms       0.000us         0.00%        1.573s      15.732ms           0 b           0 b       4.00 Mb    -220.00 Gb           100  
                                              aten::sum         0.22%       3.504ms         0.91%      14.395ms      71.977us     938.947ms        59.69%     938.947ms       4.695ms           0 b           0 b       6.64 Gb       6.64 Gb           200  
void at::native::reduce_kernel<512, 1, at::native::R...         0.00%       0.000us         0.00%       0.000us       0.000us     739.890ms        47.03%     739.890ms       7.399ms           0 b           0 b           0 b           0 b           100  
                                              aten::mul         0.16%       2.523ms         0.93%      14.670ms      73.349us     555.688ms        35.32%     555.688ms       2.778ms           0 b           0 b     200.00 Gb     200.00 Gb           200  
void at::native::elementwise_kernel<128, 4, at::nati...         0.00%       0.000us         0.00%       0.000us       0.000us     555.688ms        35.32%     555.688ms       2.778ms           0 b           0 b           0 b           0 b           200  
void at::native::reduce_kernel<128, 4, at::native::R...         0.00%       0.000us         0.00%       0.000us       0.000us     199.057ms        12.65%     199.057ms       1.991ms           0 b           0 b           0 b           0 b           100  
                                      aten::masked_fill         0.07%       1.076ms        22.08%     347.946ms       3.479ms       0.000us         0.00%      48.843ms     488.427us           0 b           0 b       6.25 Gb           0 b           100  
                                     aten::masked_fill_         0.07%       1.122ms         0.13%       2.088ms      20.883us      26.660ms         1.69%      26.660ms     266.599us           0 b           0 b           0 b           0 b           100  
void at::native::elementwise_kernel<128, 4, at::nati...         0.00%       0.000us         0.00%       0.000us       0.000us      26.660ms         1.69%      26.660ms     266.599us           0 b           0 b           0 b           0 b           100  
                                          aten::softmax         0.02%     258.245us         0.62%       9.787ms      97.867us       0.000us         0.00%      23.278ms     232.781us           0 b           0 b       6.25 Gb           0 b           100  
                                         aten::_softmax         0.07%       1.132ms         0.60%       9.529ms      95.285us      23.278ms         1.48%      23.278ms     232.781us           0 b           0 b       6.25 Gb       6.25 Gb           100  
void (anonymous namespace)::softmax_warp_forward<c10...         0.00%       0.000us         0.00%       0.000us       0.000us      23.278ms         1.48%      23.278ms     232.781us           0 b           0 b           0 b           0 b           100  
                                            aten::clone         0.02%     381.709us        21.84%     344.143ms       3.441ms       0.000us         0.00%      22.183ms     221.829us           0 b           0 b       6.25 Gb           0 b           100  
                                            aten::copy_         0.04%     661.118us        21.75%     342.695ms       3.427ms      22.183ms         1.41%      22.183ms     221.829us           0 b           0 b           0 b           0 b           100  
                         Memcpy DtoD (Device -> Device)         0.00%       0.000us         0.00%       0.000us       0.000us      22.183ms         1.41%      22.183ms     221.829us           0 b           0 b           0 b           0 b           100  
                                              aten::cat         0.18%       2.864ms         0.26%       4.101ms      20.503us       3.883ms         0.25%       3.883ms      19.416us           0 b           0 b     801.56 Mb     801.56 Mb           200  
void at::native::(anonymous namespace)::CatArrayBatc...         0.00%       0.000us         0.00%       0.000us       0.000us       3.883ms         0.25%       3.883ms      19.416us           0 b           0 b           0 b           0 b           200  
                                               aten::lt         0.14%       2.230ms         0.20%       3.194ms      15.968us     908.472us         0.06%     908.472us       4.542us           0 b           0 b      50.00 Mb      50.00 Mb           200  
void at::native::elementwise_kernel<128, 4, at::nati...         0.00%       0.000us         0.00%       0.000us       0.000us     908.472us         0.06%     908.472us       4.542us           0 b           0 b           0 b           0 b           200  
-------------------------------------------------------  ------------  ------------  ------------  ------------  ------------  ------------  ------------  ------------  ------------  ------------  ------------  ------------  ------------  ------------  
Self CPU time total: 1.576s
Self CUDA time total: 1.573s

--------------------------------------------------
Iterations: 100
Average GPU time per run: 15.7316 ms
Average CPU time per run: 7.6890 ms
Throughput: 63.57 runs/sec
--------------------------------------------------
Peak CUDA memory: 1.22 GB

Top 5 CUDA kernels:
  void at::native::reduce_kernel<512, 1, at::native::ReduceOp< 7.3989 ms
  aten::sum                                                    4.6947 ms
  aten::mul                                                    2.7784 ms
  void at::native::elementwise_kernel<128, 4, at::native::gpu_ 2.7784 ms
  void at::native::reduce_kernel<128, 4, at::native::ReduceOp< 1.9906 ms
4.44user 0.94system 0:05.87elapsed 91%CPU (0avgtext+0avgdata 847264maxresident)k
0inputs+15584outputs (0major+169077minor)pagefaults 0swaps
