Device: NVIDIA TITAN V
-------------------------------------------------------  ------------  ------------  ------------  ------------  ------------  ------------  ------------  ------------  ------------  ------------  ------------  ------------  ------------  ------------  
                                                   Name    Self CPU %      Self CPU   CPU total %     CPU total  CPU time avg     Self CUDA   Self CUDA %    CUDA total  CUDA time avg       CPU Mem  Self CPU Mem      CUDA Mem  Self CUDA Mem    # of Calls  
-------------------------------------------------------  ------------  ------------  ------------  ------------  ------------  ------------  ------------  ------------  ------------  ------------  ------------  ------------  ------------  ------------  
                                      swa_naive_forward         0.00%       0.000us         0.00%       0.000us       0.000us     426.691ms       100.31%     426.691ms       4.267ms           0 b           0 b           0 b           0 b           100  
                                      swa_naive_forward         2.61%      11.149ms        15.12%      64.617ms     646.172us       0.000us         0.00%     425.381ms       4.254ms           0 b           0 b       4.00 Mb     -75.68 Gb           100  
                                      aten::masked_fill         0.18%     767.914us         1.70%       7.284ms      72.838us       0.000us         0.00%     186.665ms       1.867ms           0 b           0 b      25.00 Gb           0 b           100  
                                           aten::matmul         0.59%       2.518ms         3.78%      16.151ms      80.756us       0.000us         0.00%     134.984ms     674.918us           0 b           0 b      25.39 Gb           0 b           200  
                                              aten::bmm         1.00%       4.286ms         2.38%      10.182ms      50.910us     134.984ms        31.73%     134.984ms     674.918us           0 b           0 b      25.39 Gb      25.39 Gb           200  
                                          aten::softmax         0.04%     177.454us         1.39%       5.960ms      59.599us       0.000us         0.00%     100.657ms       1.007ms           0 b           0 b      25.00 Gb           0 b           100  
                                         aten::_softmax         0.24%       1.010ms         1.35%       5.782ms      57.825us     100.657ms        23.66%     100.657ms       1.007ms           0 b           0 b      25.00 Gb      25.00 Gb           100  
void (anonymous namespace)::softmax_warp_forward<c10...         0.00%       0.000us         0.00%       0.000us       0.000us     100.657ms        23.66%     100.657ms       1.007ms           0 b           0 b           0 b           0 b           100  
                                     aten::masked_fill_         0.23%     996.268us         0.43%       1.830ms      18.298us      97.267ms        22.87%      97.267ms     972.672us           0 b           0 b           0 b           0 b           100  
void at::native::elementwise_kernel<128, 4, at::nati...         0.00%       0.000us         0.00%       0.000us       0.000us      97.267ms        22.87%      97.267ms     972.672us           0 b           0 b           0 b           0 b           100  
                                            aten::clone         0.07%     319.639us         0.98%       4.169ms      41.691us       0.000us         0.00%      89.398ms     893.982us           0 b           0 b      25.00 Gb           0 b           100  
                                            aten::copy_         0.14%     582.430us         0.70%       2.978ms      29.781us      89.398ms        21.02%      89.398ms     893.982us           0 b           0 b           0 b           0 b           100  
                         Memcpy DtoD (Device -> Device)         0.00%       0.000us         0.00%       0.000us       0.000us      89.398ms        21.02%      89.398ms     893.982us           0 b           0 b           0 b           0 b           100  
            volta_fp16_s884gemm_fp16_64x128_ldg8_f2f_nn         0.00%       0.000us         0.00%       0.000us       0.000us      88.257ms        20.75%      88.257ms     882.573us           0 b           0 b           0 b           0 b           100  
            volta_fp16_s884gemm_fp16_64x128_ldg8_f2f_tn         0.00%       0.000us         0.00%       0.000us       0.000us      46.726ms        10.98%      46.726ms     467.263us           0 b           0 b           0 b           0 b           100  
void at::native::elementwise_kernel<128, 4, at::nati...         0.00%       0.000us         0.00%       0.000us       0.000us       1.661ms         0.39%       1.661ms       8.304us           0 b           0 b           0 b           0 b           200  
                                               aten::lt         0.26%       1.091ms         0.37%       1.592ms      15.922us     872.058us         0.21%     872.058us       8.721us           0 b           0 b     100.00 Mb     100.00 Mb           100  
                                               aten::gt         0.22%     929.425us         0.33%       1.404ms      14.035us     788.828us         0.19%     788.828us       7.888us           0 b           0 b     100.00 Mb     100.00 Mb           100  
                                           aten::__or__         0.03%     145.192us         0.44%       1.879ms      18.786us       0.000us         0.00%     726.913us       7.269us           0 b           0 b     100.00 Mb           0 b           100  
                                       aten::bitwise_or         0.28%       1.197ms         0.41%       1.733ms      17.334us     726.913us         0.17%     726.913us       7.269us           0 b           0 b     100.00 Mb     100.00 Mb           100  
-------------------------------------------------------  ------------  ------------  ------------  ------------  ------------  ------------  ------------  ------------  ------------  ------------  ------------  ------------  ------------  ------------  
Self CPU time total: 427.270ms
Self CUDA time total: 425.381ms

--------------------------------------------------
Iterations: 100
Average GPU time per run: 4.2538 ms
Average CPU time per run: 0.6462 ms
Throughput: 235.08 runs/sec
--------------------------------------------------
Peak CUDA memory: 0.78 GB

Top 5 CUDA kernels:
  aten::masked_fill                                            1.8667 ms
  aten::softmax                                                1.0066 ms
  aten::_softmax                                               1.0066 ms
  void (anonymous namespace)::softmax_warp_forward<c10::Half,  1.0066 ms
  aten::masked_fill_                                           0.9727 ms
3.18user 0.68system 0:05.10elapsed 75%CPU (0avgtext+0avgdata 822816maxresident)k
6856inputs+13488outputs (31major+149909minor)pagefaults 0swaps
