nohup: ignoring input
[I 2026-03-19 18:11:36.524 ServerApp] jupyter_lsp | extension was successfully linked.
[I 2026-03-19 18:11:36.528 ServerApp] jupyter_server_terminals | extension was successfully linked.
[I 2026-03-19 18:11:36.532 ServerApp] jupyterlab | extension was successfully linked.
[I 2026-03-19 18:11:36.532 ServerApp] jupyterlab_git | extension was successfully linked.
[I 2026-03-19 18:11:36.532 ServerApp] nbdime | extension was successfully linked.
[I 2026-03-19 18:11:36.533 ServerApp] Writing Jupyter server cookie secret to /home/mahdikhashan/.local/share/jupyter/runtime/jupyter_cookie_secret
[I 2026-03-19 18:11:36.819 ServerApp] notebook_shim | extension was successfully linked.
[I 2026-03-19 18:11:36.834 ServerApp] notebook_shim | extension was successfully loaded.
[I 2026-03-19 18:11:36.836 ServerApp] jupyter_lsp | extension was successfully loaded.
[I 2026-03-19 18:11:36.837 ServerApp] jupyter_server_terminals | extension was successfully loaded.
[I 2026-03-19 18:11:36.839 LabApp] JupyterLab extension loaded from /home/mahdikhashan/miniconda3/envs/jku-ai-practical-project/lib/python3.11/site-packages/jupyterlab
[I 2026-03-19 18:11:36.839 LabApp] JupyterLab application directory is /home/mahdikhashan/miniconda3/envs/jku-ai-practical-project/share/jupyter/lab
[I 2026-03-19 18:11:36.840 LabApp] Extension Manager is 'pypi'.
[I 2026-03-19 18:11:36.870 ServerApp] jupyterlab | extension was successfully loaded.
[I 2026-03-19 18:11:36.874 ServerApp] jupyterlab_git | extension was successfully loaded.
[I 2026-03-19 18:11:36.918 ServerApp] nbdime | extension was successfully loaded.
[I 2026-03-19 18:11:36.918 ServerApp] Serving notebooks from local directory: /home/mahdikhashan/jku-ai-practical-project
[I 2026-03-19 18:11:36.918 ServerApp] Jupyter Server 2.17.0 is running at:
[I 2026-03-19 18:11:36.918 ServerApp] http://127.0.0.1:8888/lab?token=bb48ed99428ea55f7977ee2d9e63acb4fd66f54bf2963fe6
[I 2026-03-19 18:11:36.918 ServerApp] Use Control-C to stop this server and shut down all kernels (twice to skip confirmation).
[C 2026-03-19 18:11:36.921 ServerApp] 
    
    To access the server, open this file in a browser:
        file:///home/mahdikhashan/.local/share/jupyter/runtime/jpserver-2217-open.html
    Or copy and paste one of these URLs:
        http://127.0.0.1:8888/lab?token=bb48ed99428ea55f7977ee2d9e63acb4fd66f54bf2963fe6
[I 2026-03-19 18:11:36.935 ServerApp] Skipped non-installed server(s): basedpyright, bash-language-server, dockerfile-language-server-nodejs, javascript-typescript-langserver, jedi-language-server, julia-language-server, pyrefly, pyright, python-language-server, python-lsp-server, r-languageserver, sql-language-server, texlab, typescript-language-server, unified-language-server, vscode-css-languageserver-bin, vscode-html-languageserver-bin, vscode-json-languageserver-bin, yaml-language-server
[I 2026-03-19 18:11:45.244 ServerApp] 302 GET /?token=[secret] (@127.0.0.1) 0.54ms
[W 2026-03-19 18:11:50.542 LabApp] Could not determine jupyterlab build status without nodejs
[W 2026-03-19 18:20:11.139 LabApp] Could not determine jupyterlab build status without nodejs
[I 2026-03-19 18:20:57.956 ServerApp] 302 GET /?token=[secret] (@127.0.0.1) 0.46ms
[W 2026-03-19 18:21:01.146 LabApp] Could not determine jupyterlab build status without nodejs
[I 2026-03-19 18:21:08.915 ServerApp] Writing notebook-signing key to /home/mahdikhashan/.local/share/jupyter/notebook_secret
[W 2026-03-19 18:21:08.917 ServerApp] Notebook notebooks/swa_musings.ipynb is not trusted
[I 2026-03-19 18:21:10.928 ServerApp] Kernel started: c845274e-2e13-493e-9270-7de2467e1b95
[I 2026-03-19 18:21:11.728 ServerApp] Adapting from protocol version 5.3 (kernel c845274e-2e13-493e-9270-7de2467e1b95) to 5.4 (client).
[I 2026-03-19 18:21:11.729 ServerApp] Connecting to kernel c845274e-2e13-493e-9270-7de2467e1b95.
[W 2026-03-19 18:21:11.731 ServerApp] The websocket_ping_timeout (90000) cannot be longer than the websocket_ping_interval (30000).
    Setting websocket_ping_timeout=30000
[I 2026-03-19 18:21:12.339 ServerApp] Adapting from protocol version 5.3 (kernel c845274e-2e13-493e-9270-7de2467e1b95) to 5.4 (client).
[I 2026-03-19 18:21:12.340 ServerApp] Connecting to kernel c845274e-2e13-493e-9270-7de2467e1b95.
[I 2026-03-19 18:21:12.855 ServerApp] Adapting from protocol version 5.3 (kernel c845274e-2e13-493e-9270-7de2467e1b95) to 5.4 (client).
[I 2026-03-19 18:21:12.856 ServerApp] Connecting to kernel c845274e-2e13-493e-9270-7de2467e1b95.
[I 2026-03-19 18:23:10.279 ServerApp] Saving file at /notebooks/swa_musings.ipynb
[W 2026-03-19 18:23:10.279 ServerApp] Notebook notebooks/swa_musings.ipynb is not trusted
[I 2026-03-19 18:25:11.406 ServerApp] Saving file at /notebooks/swa_musings.ipynb
[I 2026-03-19 18:27:12.228 ServerApp] Saving file at /notebooks/swa_musings.ipynb
[I 2026-03-19 18:27:17.724 ServerApp] Saving file at /notebooks/swa_musings.ipynb
[I 2026-03-19 18:28:47.530 ServerApp] Saving file at /notebooks/swa_musings.ipynb
[I 2026-03-19 18:29:02.221 ServerApp] Saving file at /notebooks/swa_musings.ipynb
[I 2026-03-19 18:30:23.992 ServerApp] Saving file at /notebooks/swa_musings.ipynb
[I 2026-03-19 18:30:27.267 ServerApp] Saving file at /notebooks/swa_musings.ipynb
[I 2026-03-19 18:32:25.450 ServerApp] Saving file at /notebooks/swa_musings.ipynb
[I 2026-03-19 18:34:26.344 ServerApp] Saving file at /notebooks/swa_musings.ipynb
[I 2026-03-19 18:34:26.683 ServerApp] Saving file at /notebooks/swa_musings.ipynb
[W 2026-03-19 18:34:26.707 ServerApp] /home/mahdikhashan/jku-ai-practical-project/notebooks/.~swa_musings.ipynb doesn't exist
[I 2026-03-19 18:35:28.434 ServerApp] Saving file at /notebooks/swa_musings.ipynb
[I 2026-03-19 18:36:01.917 ServerApp] AsyncIOLoopKernelRestarter: restarting kernel (1/5), keep random ports
[W 2026-03-19 18:36:01.917 ServerApp] kernel c845274e-2e13-493e-9270-7de2467e1b95 restarted
[I 2026-03-19 18:36:02.215 ServerApp] Starting buffering for c845274e-2e13-493e-9270-7de2467e1b95:ee5ad9fb-601b-46de-93cd-8e8dc37d2d26
[I 2026-03-19 18:36:02.511 ServerApp] Adapting from protocol version 5.3 (kernel c845274e-2e13-493e-9270-7de2467e1b95) to 5.4 (client).
[I 2026-03-19 18:36:02.512 ServerApp] Connecting to kernel c845274e-2e13-493e-9270-7de2467e1b95.
[I 2026-03-19 18:36:02.512 ServerApp] Restoring connection for c845274e-2e13-493e-9270-7de2467e1b95:ee5ad9fb-601b-46de-93cd-8e8dc37d2d26
[I 2026-03-19 18:36:09.275 ServerApp] Saving file at /notebooks/swa_musings.ipynb
[I 2026-03-19 18:37:33.465 ServerApp] Saving file at /notebooks/swa_musings.ipynb
[I 2026-03-19 18:38:32.813 ServerApp] Saving file at /notebooks/swa_musings.ipynb
[I 2026-03-19 18:40:33.791 ServerApp] Saving file at /notebooks/swa_musings.ipynb
[I 2026-03-19 18:42:34.661 ServerApp] Saving file at /notebooks/swa_musings.ipynb
[I 2026-03-19 18:44:35.574 ServerApp] Saving file at /notebooks/swa_musings.ipynb
[I 2026-03-19 18:46:37.420 ServerApp] Saving file at /notebooks/swa_musings.ipynb
[I 2026-03-19 18:48:38.356 ServerApp] Saving file at /notebooks/swa_musings.ipynb
[I 2026-03-19 18:49:05.549 ServerApp] Saving file at /notebooks/swa_musings.ipynb
[I 2026-03-19 18:50:15.019 ServerApp] Saving file at /notebooks/swa_musings.ipynb
[I 2026-03-19 18:51:14.928 ServerApp] Saving file at /notebooks/swa_musings.ipynb
[I 2026-03-19 18:51:26.397 ServerApp] Saving file at /notebooks/swa_musings.ipynb
